.next/types/app/api/auth/[...nextauth]/route.ts(8,13): error TS2344: Type 'OmitWithTag<typeof import("C:/Users/Andre/Downloads/colaps-store/colaps-store/app/api/auth/[...nextauth]/route"), "POST" | "config" | "generateStaticParams" | "revalidate" | "dynamic" | ... 10 more ... | "PATCH", "">' does not satisfy the constraint '{ [x: string]: never; }'.
  Property 'authOptions' is incompatible with index signature.
    Type 'AuthOptions' is not assignable to type 'never'.
auth/auth-route.ts(96,22): error TS2339: Property 'id' does not exist on type '{ name?: string | null | undefined; email?: string | null | undefined; image?: string | null | undefined; }'.
auth/CheckoutFlow.tsx(27,30): error TS2339: Property 'id' does not exist on type '{ name?: string | null | undefined; email?: string | null | undefined; image?: string | null | undefined; }'.
components/CheckoutFlow.tsx(27,30): error TS2339: Property 'id' does not exist on type '{ name?: string | null | undefined; email?: string | null | undefined; image?: string | null | undefined; }'.
